[www.hesappazarim.com/index.html]
[backblue.gif]
[fade.gif]
[index.html]
[www.hesappazarim.com/assets/img/favicon/favicon-32x32.png]
[www.hesappazarim.com/assets/css/bootstrap.css]
[www.hesappazarim.com/assets/css/font-awesome.min.css]
[www.hesappazarim.com/assets/css/magnific-popup.css]
[www.hesappazarim.com/assets/css/owl.carousel.min.css]
[www.hesappazarim.com/assets/css/owl.theme.default.min.css]
[www.hesappazarim.com/assets/css/nouislider.min.css]
[www.hesappazarim.com/assets/css/animate.min.css]
[www.hesappazarim.com/assets/css/style.css]
[www.hesappazarim.com/assets/css/responsive.css]
[www.hesappazarim.com/index-2.html]
[www.hesappazarim.com/assets/img/logo.png]
[www.hesappazarim.com/sozlesme.html]
[www.hesappazarim.com/assets/img/silver.png]
[www.hesappazarim.com/assets/img/nova.png]
[www.hesappazarim.com/assets/img/keles.png]
[www.hesappazarim.com/odeme/index.html]
[www.hesappazarim.com/assets/img/lem.png]
[www.hesappazarim.com/assets/img/global.png]
[www.hesappazarim.com/assets/img/1medal.png]
[www.hesappazarim.com/assets/img/2medal.png]
[www.hesappazarim.com/assets/img/3medal.png]
[www.hesappazarim.com/assets/img/4medal.png]
[www.hesappazarim.com/assets/img/5medal.png]
[www.hesappazarim.com/assets/img/6medal.png]
[www.hesappazarim.com/assets/img/prime.png]
[www.hesappazarim.com/assets/img/demir.png]
[www.hesappazarim.com/assets/img/altin.png]
[www.hesappazarim.com/assets/img/elmas.png]
[www.hesappazarim.com/assets/img/cape.png]
[www.hesappazarim.com/cdn-cgi/l/email-protection.html]
[www.hesappazarim.com/cdn-cgi/scripts/5c5dd728/cloudflare-static/email-decode.min.js]
[www.hesappazarim.com/assets/js/jquery.min.js]
[www.hesappazarim.com/assets/js/popper.min.js]
[www.hesappazarim.com/assets/js/bootstrap.min.js]
[www.hesappazarim.com/assets/js/owl.carousel.min.js]
[www.hesappazarim.com/assets/js/jquery.magnific-popup.min.js]
[www.hesappazarim.com/assets/js/wNumb.js]
[www.hesappazarim.com/assets/js/nouislider.min.js]
[www.hesappazarim.com/assets/js/isotope.pkgd.min.js]
[www.hesappazarim.com/assets/js/custom-isotop.js]
[www.hesappazarim.com/assets/js/jquery.counterup.min.js]
[www.hesappazarim.com/assets/js/waypoints-min.js]
[www.hesappazarim.com/assets/js/clock-custom.js]
[www.hesappazarim.com/assets/js/main.js]
[www.hesappazarim.com/index.html]
[www.hesappazarim.com/assets/css/bootstrap.css]
[www.hesappazarim.com/assets/fonts/fontawesome-webfont3e6e3e6e3e6e.eot]
[www.hesappazarim.com/assets/fonts/fontawesome-webfontd41dd41dd41d.eot]
[www.hesappazarim.com/assets/fonts/fontawesome-webfont3e6e3e6e3e6e.woff2]
[www.hesappazarim.com/assets/fonts/fontawesome-webfont3e6e3e6e3e6e.woff]
[www.hesappazarim.com/assets/fonts/fontawesome-webfont3e6e3e6e3e6e.ttf]
[www.hesappazarim.com/assets/css/font-awesome.min.css]
[www.hesappazarim.com/assets/css/magnific-popup.css]
[www.hesappazarim.com/assets/fonts/fontawesome-webfont3e6e3e6e3e6e.svg]
[www.hesappazarim.com/assets/css/owl.video.play.png]
[www.hesappazarim.com/assets/css/owl.carousel.min.css]
[www.hesappazarim.com/assets/css/owl.theme.default.min.css]
[www.hesappazarim.com/assets/css/nouislider.min.css]
[www.hesappazarim.com/assets/css/animate.min.css]
[www.hesappazarim.com/assets/img/pattern-1.png]
[www.hesappazarim.com/assets/img/pattern-2.png]
[www.hesappazarim.com/assets/img/target23.png]
[www.hesappazarim.com/assets/img/team-bg.png]
[www.hesappazarim.com/assets/img/breadcrumb_bg.jpg]
[www.hesappazarim.com/assets/img/slider-1.jpg]
[www.hesappazarim.com/assets/img/promo-bg.jpg]
[www.hesappazarim.com/assets/img/slider-2.jpg]
[www.hesappazarim.com/assets/img/broken_glass.png]
[www.hesappazarim.com/assets/img/social_bg_hover.png]
[www.hesappazarim.com/assets/img/social_bg.png]
[www.hesappazarim.com/assets/img/preloader_bg.jpg]
[www.hesappazarim.com/assets/img/footer_bg.jpg]
[www.hesappazarim.com/assets/img/arrow2.svg]
[www.hesappazarim.com/assets/img/404_bg.jpg]
[www.hesappazarim.com/assets/img/social_bg_dark.png]
[www.hesappazarim.com/assets/css/style.css]
[www.hesappazarim.com/assets/css/responsive.css]
[www.hesappazarim.com/index-2.html]
[www.hesappazarim.com/contact.html]
[www.hesappazarim.com/index-3.html]
[www.hesappazarim.com/sozlesme.html]
[www.hesappazarim.com/odeme/assets/bootstrap.min.css]
[www.hesappazarim.com/odeme/assets/ayroui.css]
[www.hesappazarim.com/odeme/assets/panel.css]
[www.hesappazarim.com/odeme/assets/sweetalert2.min.css]
[www.hesappazarim.com/odeme/assets/jquery.dataTables.min.css]
[www.hesappazarim.com/pro.fontawesome.com/releases/v5.11.2/css/all.css]
[www.hesappazarim.com/odeme/assets/jquery-1.12.4.min.js]
[www.hesappazarim.com/odeme/assets/bootstrap.min.js]
[www.hesappazarim.com/odeme/assets/sweetalert2.js]
[www.hesappazarim.com/odeme/assets/img/banka.png]
[www.hesappazarim.com/index-4.html]
[www.hesappazarim.com/odeme/assets/img/papara.png]
[www.hesappazarim.com/odeme/assets/img/ininal.png]
[www.hesappazarim.com/odeme/assets/img/kriptoc4cac4ca.png]
[www.hesappazarim.com/odeme/assets/img/bildirim.png]
[www.hesappazarim.com/odeme/index.html]
[www.hesappazarim.com/odeme/assets/panel.balance.js]
[www.hesappazarim.com/cdn-cgi/l/email-protection.html]
[www.hesappazarim.com/assets/fonts/fontawesome-webfont3e6e3e6e3e6e.svg]
[www.hesappazarim.com/assets/img/target23.html]
[www.hesappazarim.com/assets/img/team-bg.html]
[www.hesappazarim.com/assets/img/promo-bg.html]
[www.hesappazarim.com/assets/img/slider-2.html]
[www.hesappazarim.com/assets/img/social_bg_hover.html]
[www.hesappazarim.com/assets/img/social_bg.html]
[www.hesappazarim.com/assets/img/preloader_bg.html]
[www.hesappazarim.com/assets/img/footer_bg.html]
[www.hesappazarim.com/assets/img/arrow2.svg]
[www.hesappazarim.com/assets/img/social_bg_dark.html]
[www.hesappazarim.com/contact.html]
[www.hesappazarim.com/index-3.html]
[www.hesappazarim.com/odeme/assets/bootstrap.min.css]
[www.hesappazarim.com/odeme/assets/ayroui.css]
[www.hesappazarim.com/odeme/assets/panel.css]
[www.hesappazarim.com/odeme/assets/sweetalert2.min.css]
[www.hesappazarim.com/odeme/assets/jquery.dataTables.min.css]
[www.hesappazarim.com/pro.fontawesome.com/releases/v5.11.2/css/all.html]
[www.hesappazarim.com/index-4.html]
[www.hesappazarim.com/odeme/img/netflix.html]
[www.hesappazarim.com/odeme/img/netflix.html]
